// Jest Snapshot v1, https://goo.gl/fbAQLP

exports[`renders correctly 1`] = `
<Section
  className=""
>
  <Container
    className=""
  >
    <h1>
      Sayfa bulunamadı
    </h1>
    <p>
      Aradığınız sayfa bulunamadı. Eğer aradığınız şey bir jargon ise, bize
       
      <a
        href="/blob/master/CONTRIBUTING.md"
      >
        katkıda bulunarak
      </a>
       
      jargon.ist'e ekleyebilirsin.
    </p>
  </Container>
</Section>
`;
